[backblue.gif]
[fade.gif]
[index.html]
[multiutilityuk.com/feed/index.html]
[multiutilityuk.com/comments/feed/index.html]
[multiutilityuk.com/wp-content/themes/Divi/includes/builder/styles/images/preloader.gif]
[multiutilityuk.com/wp-content/themes/Divi/core/admin/fonts/modules/all/modules.eot]
[multiutilityuk.com/wp-json/wp/v2/pages/28588.json]
[multiutilityuk.com/wp-json/index.html]
[multiutilityuk.com/xmlrpc0db0.php]
[multiutilityuk.com/wp-includes/wlwmanifest.xml]
[multiutilityuk.com/wp-json/oembed/1.0/embed65cb.json]
[multiutilityuk.com/wp-json/oembed/1.0/embed16fe]
[multiutilityuk.com/wp-content/uploads/2019/06/amritanshu-sikdar-268167-unsplash.jpg]
[multiutilityuk.com/wp-content/uploads/2019/09/MULTI-A4-logo-and-text.png]
[multiutilityuk.com/wp-content/uploads/2019/06/Wind-Energy-6558.mp4]
[multiutilityuk.com/wp-content/uploads/2019/06/underground-cables-gas-utility-tunnel_vjjyeptm__F0000-1.png]
[multiutilityuk.com/wp-content/uploads/2019/07/lloyds_grey.png]
[multiutilityuk.com/wp-content/uploads/2019/07/girs_grey.png]
[multiutilityuk.com/wp-content/uploads/2019/07/ners_grey.png]
[multiutilityuk.com/wp-content/uploads/2019/07/wirs_grey.png]
[multiutilityuk.com/modern-slavery-statement-final.pdf]
[multiutilityuk.com/wp-includes/js/jquery/jquery.minaf6c.js]
[multiutilityuk.com/wp-includes/js/jquery/jquery-migrate.mind617.js]
[multiutilityuk.com/wp-content/plugins/contact-form-7/includes/js/scripts1748.js]
[multiutilityuk.com/wp-content/themes/Divi/js/scripts.minba25.js]
[multiutilityuk.com/wp-content/themes/Divi/includes/builder/feature/dynamic-assets/assets/js/jquery.mobileba25.js]
[multiutilityuk.com/wp-content/themes/Divi/includes/builder/feature/dynamic-assets/assets/js/magnific-popupba25.js]
[multiutilityuk.com/wp-content/themes/Divi/includes/builder/feature/dynamic-assets/assets/js/salvattoreba25.js]
[multiutilityuk.com/wp-content/themes/Divi/core/admin/js/commonba25.js]
[multiutilityuk.com/wp-includes/js/mediaelement/mediaelement-and-player.min08e1.js]
[multiutilityuk.com/wp-includes/js/mediaelement/mediaelement-migrate.min4dc9.js]
[multiutilityuk.com/wp-includes/js/mediaelement/wp-mediaelement.min4dc9.js]
[www.google.com/recaptcha/apiae20.js]
[multiutilityuk.com/index.html]
[multiutilityuk.com/xmlrpc.php]
[multiutilityuk.com/wp-content/plugins/contact-form-7/images/ajax-loader.gif]
[multiutilityuk.com/wp-content/plugins/contact-form-7/includes/css/styles1748.css]
[multiutilityuk.com/wp-json/wp/v2/pages/28584.json]
[multiutilityuk.com/wp-json/oembed/1.0/embeddef5.json]
[multiutilityuk.com/wp-json/oembed/1.0/embed7f74]
[multiutilityuk.com/wp-content/uploads/2019/07/5-Utilities-go-back-Hero-L-1600x900.jpg]
[multiutilityuk.com/about-us/index.html]
[multiutilityuk.com/wp-json/wp/v2/pages/28577.json]
[multiutilityuk.com/wp-json/oembed/1.0/embed77d0.json]
[multiutilityuk.com/wp-json/oembed/1.0/embed92eb]
[multiutilityuk.com/wp-content/uploads/2019/06/architect-firm-01.jpg]
[multiutilityuk.com/our-services/index.html]
[multiutilityuk.com/wp-content/themes/Divi/core/admin/fonts/modules/base/modules.eot]
[multiutilityuk.com/wp-json/wp/v2/pages/28702.json]
[multiutilityuk.com/wp-json/oembed/1.0/embed8b7b.json]
[multiutilityuk.com/wp-json/oembed/1.0/embed1ef0]
[multiutilityuk.com/wp-content/uploads/2019/06/salford.png]
[multiutilityuk.com/projects/index.html]
[multiutilityuk.com/wp-json/wp/v2/pages/28731.json]
[multiutilityuk.com/wp-json/oembed/1.0/embed4ff9.json]
[multiutilityuk.com/wp-json/oembed/1.0/embed697d]
[multiutilityuk.com/wp-content/uploads/2019/07/TC-Accreditations-Header.jpg]
[multiutilityuk.com/accreditations/index.html]
[multiutilityuk.com/wp-json/wp/v2/pages/28572.json]
[multiutilityuk.com/wp-json/oembed/1.0/embedc8ad.json]
[multiutilityuk.com/wp-json/oembed/1.0/embed56b9]
[multiutilityuk.com/wp-content/uploads/2019/07/1-1.png]
[multiutilityuk.com/wp-content/uploads/2019/07/2-1.png]
[multiutilityuk.com/wp-content/uploads/2019/07/3-1.png]
[multiutilityuk.com/request-utilities-quote/index.html]
[multiutilityuk.com/contact-us/index.html]
[multiutilityuk.com/info@olymposwater.html]
[multiutilityuk.com/our-privacy-statement/index.html]
[multiutilityuk.com/wp-includes/js/mediaelement/mediaelementplayer-legacy.min08e1.css]
[multiutilityuk.com/wp-includes/js/mediaelement/wp-mediaelement.min4dc9.css]
[multiutilityuk.com/wp-includes/css/dist/block-library/style.min4dc9.css]
[multiutilityuk.com/wp-content/et-cache/28584/et-divi-dynamic-2858441fd.css]
[multiutilityuk.com/index8531.html]
[multiutilityuk.com/wp-content/et-cache/28584/et-core-unified-deferred-28584.min41fd.css]
[multiutilityuk.com/about-us/info@olymposwater.html]
[multiutilityuk.com/wp-content/et-cache/28577/et-divi-dynamic-28577b04e.css]
[multiutilityuk.com/index37a4.html]
[multiutilityuk.com/wp-content/et-cache/28577/et-core-unified-deferred-28577.minb04e.css]
[multiutilityuk.com/our-services/info@olymposwater.html]
[multiutilityuk.com/wp-content/et-cache/28702/et-divi-dynamic-28702a613.css]
[multiutilityuk.com/index4b94.html]
[multiutilityuk.com/wp-content/et-cache/28702/et-core-unified-deferred-28702.mind71a.css]
[multiutilityuk.com/projects/info@olymposwater.html]
[multiutilityuk.com/wp-content/et-cache/28731/et-divi-dynamic-28731b10e.css]
[multiutilityuk.com/index7d53.html]
[multiutilityuk.com/wp-content/et-cache/28731/et-core-unified-deferred-28731.minae60.css]
[multiutilityuk.com/accreditations/info@olymposwater.html]
[multiutilityuk.com/wp-content/et-cache/28572/et-divi-dynamic-28572-latef7e1.css]
[multiutilityuk.com/indexbd88.html]
[multiutilityuk.com/wp-content/et-cache/28572/et-core-unified-deferred-28572.minf7e1.css]
[multiutilityuk.com/request-utilities-quote/info@olymposwater.html]
[multiutilityuk.com/wp-content/uploads/2019/07/gass_grey.png]
[multiutilityuk.com/wp-json/wp/v2/pages/28567]
[multiutilityuk.com/index1de5.html]
[multiutilityuk.com/wp-json/oembed/1.0/embeda1a8]
[multiutilityuk.com/wp-json/oembed/1.0/embed352a]
[multiutilityuk.com/info@multiutilityuk.com]
[multiutilityuk.com/wp-content/themes/Divi/includes/builder/feature/dynamic-assets/assets/js/jquery.fitvidsba25.js]
[multiutilityuk.com/wp-json/wp/v2/pages/28592]
[multiutilityuk.com/index8445.html]
[multiutilityuk.com/wp-json/oembed/1.0/embedff1d]
[multiutilityuk.com/wp-json/oembed/1.0/embed20e0]
[multiutilityuk.com/wp-includes/js/mediaelement/mejs-controls.svg]
[multiutilityuk.com/wp-content/uploads/2019/06/consutant-03.jpg]
[multiutilityuk.com/wp-content/uploads/2019/06/aldi.png]
[olymposwater.com/wp-content/uploads/2019/02/1.jpg]
